// Jest Snapshot v1, https://goo.gl/fbAQLP

exports[`should render ExpenseDashboardPage correctly 1`] = `
<div
  className="content-container"
>
  <Connect(LeaderList) />
</div>
`;
